
> cuptrace-frontend@1.0.0 build
> next build

  Γû▓ Next.js 14.2.4
  - Environments: .env.local, .env

   Creating an optimized production build ...
